// Jest Snapshot v1, https://goo.gl/fbAQLP

exports[`Select Styled component should render correctly 1`] = `
<select
  className=""
  disabled={false}
  name="userType"
  theme={
    Object {
      "backgroundColorPrimary": "#fff",
      "backgroundColorSecondary": "#eaf2f6",
      "backgroundColorSuccess": "#2e993a",
      "borderColorBoldest": "#c00",
      "borderColorSecondary": "#d9d9d9",
      "brandPrimaryColor": "#006193",
      "buttonBackgroundColorPrimary": "#e57725",
      "buttonBackgroundColorSecondary": "#016fad",
      "buttonColorPrimary": "#ffffff",
      "buttonColorSecondary": "#ffffff",
      "colorOutline": "#999",
      "containerShadowPrimary": "rgba(0,0,0,.2)",
      "fieldBackgroundColor": "#ffffff",
      "fieldBackgroundDisabledColor": "#f3f3f3",
      "fieldBorderColor": "#bfbfbf",
      "fieldBorderDisabledColor": "#bfdfdf",
      "fieldBorderErrorColor": "#c00",
      "fieldBorderFocusColor": "#006193",
      "fieldTextColor": "#222",
      "fontBold": "700",
      "fontBook": "400",
      "fontFamilyDefault": "Arial, Helvetica, sans-serif",
      "fontFamilyIcon": "",
      "fontFamilyPrimary": "Arial, Helvetica, sans-serif",
      "fontFamilySecondary": "Arial, Helvetica, sans-serif",
      "fontMedium": "500",
      "fontNormal": "normal",
      "fontSemiBold": "600",
      "fontSizeBase": "16px",
      "fontSizeButtonPrimary": "24px",
      "fontSizeButtonSecondary": "16px",
      "fontSizeDefault": "12px",
      "fontSizeHighlight": "18px",
      "letterSpacing": "0px",
      "lineHeightBase": "1.5",
      "linkColorPrimary": "#008CBA",
      "linkColorSecondary": "#016fad",
      "maxWidthPageContent": "80rem",
      "textColorBrandPrimary": "#006193",
      "textColorError": "#c00",
      "textColorPlaceholder": "#dfdfdf",
      "textColorPrimary": "#222",
      "textColorSecondary": "#262626",
      "textColorSecondaryLight": "#666",
      "textColorSuccess": "#2e993a",
      "zIndex": Object {
        "zLoader": 1000,
        "zNativeTickSelectIcon": 50,
        "zOverlay": 900,
        "zSticky": 700,
      },
    }
  }
  value=""
>
  <option
    key="Option 1"
    value="Option 1"
  >
    Option 1
  </option>
  <option
    key="Option 2"
    value="Option 2"
  >
    Option 2
  </option>
</select>
`;
