// Jest Snapshot v1, https://goo.gl/fbAQLP

exports[`<AccordionBasic /> should render correctly 1`] = `
<Component>
  Test
</Component>
`;
