// Jest Snapshot v1, https://goo.gl/fbAQLP

exports[`<TabPanel /> should render correctly 1`] = `
<TabPanel
  className="TabPanel-f4hm5l-0 jlQTVu"
  inheritedStyles=""
>
  Test
</TabPanel>
`;
