// Jest Snapshot v1, https://goo.gl/fbAQLP

exports[`<AccordionHeader /> should render correctly 1`] = `
<summary
  className=""
>
  Test
</summary>
`;
