// Jest Snapshot v1, https://goo.gl/fbAQLP

exports[`Quote should render quote correctly 1`] = `
<StyledComponent
  forwardedComponent={
    Object {
      "$$typeof": Symbol(react.forward_ref),
      "attrs": Array [],
      "componentStyle": ComponentStyle {
        "componentId": "Quote-rsrbyr-0",
        "isStatic": false,
        "rules": Array [
          "display:flex;flex-flow:row wrap;.quote{&__mark{flex:1 5%;",
          [Function],
          ";}&__content{",
          [Function],
          ";flex:1 95%;}&__author{",
          [Function],
          ";flex:1 100%;flex-direction:row-reverse;}",
          [Function],
          ";}",
          ";",
        ],
      },
      "displayName": "Quote",
      "foldedComponentIds": Array [],
      "render": [Function],
      "styledComponentId": "Quote-rsrbyr-0",
      "target": [Function],
      "toString": [Function],
      "usesTheme": false,
      "warnTooManyClasses": [Function],
      "withComponent": [Function],
    }
  }
  forwardedRef={null}
  theme={
    Object {
      "backgroundColorPrimary": "#fff",
      "backgroundColorSecondary": "#eaf2f6",
      "backgroundColorSuccess": "#2e993a",
      "borderColorBoldest": "#c00",
      "borderColorSecondary": "#d9d9d9",
      "brandPrimaryColor": "#006193",
      "buttonBackgroundColorPrimary": "#e57725",
      "buttonBackgroundColorSecondary": "#016fad",
      "buttonColorPrimary": "#ffffff",
      "buttonColorSecondary": "#ffffff",
      "colorOutline": "#999",
      "containerShadowPrimary": "rgba(0,0,0,.2)",
      "fieldBackgroundColor": "#ffffff",
      "fieldBackgroundDisabledColor": "#f3f3f3",
      "fieldBorderColor": "#bfbfbf",
      "fieldBorderDisabledColor": "#bfdfdf",
      "fieldBorderErrorColor": "#c00",
      "fieldBorderFocusColor": "#006193",
      "fieldTextColor": "#222",
      "fontBold": "700",
      "fontBook": "400",
      "fontFamilyDefault": "Arial, Helvetica, sans-serif",
      "fontFamilyIcon": "",
      "fontFamilyPrimary": "Arial, Helvetica, sans-serif",
      "fontFamilySecondary": "Arial, Helvetica, sans-serif",
      "fontMedium": "500",
      "fontNormal": "normal",
      "fontSemiBold": "600",
      "fontSizeBase": "16px",
      "fontSizeButtonPrimary": "24px",
      "fontSizeButtonSecondary": "16px",
      "fontSizeDefault": "12px",
      "fontSizeHighlight": "18px",
      "letterSpacing": "0px",
      "lineHeightBase": "1.5",
      "linkColorPrimary": "#008CBA",
      "linkColorSecondary": "#016fad",
      "maxWidthPageContent": "80rem",
      "textColorBrandPrimary": "#006193",
      "textColorError": "#c00",
      "textColorPlaceholder": "#dfdfdf",
      "textColorPrimary": "#222",
      "textColorSecondary": "#262626",
      "textColorSecondaryLight": "#666",
      "textColorSuccess": "#2e993a",
      "zIndex": Object {
        "zLoader": 1000,
        "zNativeTickSelectIcon": 50,
        "zOverlay": 900,
        "zSticky": 700,
      },
    }
  }
/>
`;
