// Jest Snapshot v1, https://goo.gl/fbAQLP

exports[`Checkbox Component should render correctly 1`] = `
<Label
  className=""
  htmlFor="name"
>
  <InputControl
    id="name"
    name="test"
    type="checkbox"
  />
  <span>
    Checkbox
  </span>
</Label>
`;
