// Jest Snapshot v1, https://goo.gl/fbAQLP

exports[`Label Component should render correctly 1`] = `
<label
  className=""
  htmlFor="userid"
>
   User Name 
</label>
`;
