// Jest Snapshot v1, https://goo.gl/fbAQLP

exports[`<Slide /> should render correctly 1`] = `
<div
  aria-hidden={true}
  className="test"
  onClick={[Function]}
  onKeyPress={[Function]}
  role="button"
  tabIndex="-1"
>
  Test
</div>
`;
