// Jest Snapshot v1, https://goo.gl/fbAQLP

exports[`<AccordionPanel /> should render correctly 1`] = `
<div
  className=""
>
  Test
</div>
`;
