// Jest Snapshot v1, https://goo.gl/fbAQLP

exports[`<Tab /> should render correctly 1`] = `
<Tab
  className="Tab-we9qei-0 ePIzqc"
  inheritedStyles=""
>
  Test
</Tab>
`;
