// Jest Snapshot v1, https://goo.gl/fbAQLP

exports[`Anchor Component should render correctly and match snapshot 1`] = `
.c0 {
  cursor: pointer;
  -webkit-text-decoration: none;
  text-decoration: none;
}

.c0:focus {
  outline: 1px dashed;
}

.c0:focus:not(.focus-visible) {
  outline: none;
}

<Anchor
  as=""
  className="c0"
  forceClick={false}
  handleLinkClick={[Function]}
  inheritedStyles=""
  scroll={false}
  shallow={false}
  to="/sample"
>
  Sample
</Anchor>
`;
