// Jest Snapshot v1, https://goo.gl/fbAQLP

exports[`<HeroBanner /> should render correctly 1`] = `
<section
  className="hero"
>
  <header
    role="banner"
  />
</section>
`;
