// Jest Snapshot v1, https://goo.gl/fbAQLP

exports[`Heading Component should render correctly and match snapshot 1`] = `
.c0 {
  -webkit-letter-spacing: 1px;
  -moz-letter-spacing: 1px;
  -ms-letter-spacing: 1px;
  letter-spacing: 1px;
  font-weight: normal;
  font-size: 20px;
}

<Heading
  HeadingType="h1"
  className="c0"
  elementLocator=""
  inheritedStyles=""
>
  Sample
</Heading>
`;
