// Jest Snapshot v1, https://goo.gl/fbAQLP

exports[`<Popover /> should render correctly 1`] = `
<Popover
  className="Popover-sc-1xo3w5k-0 dLBzeO"
  hidePopoverCloseBtn={false}
  isVisible={false}
  popOverBody=""
  popOverHeader=""
  wrapperBackground=""
>
  Test
</Popover>
`;
