// Jest Snapshot v1, https://goo.gl/fbAQLP

exports[`FieldTextarea should render correctly 1`] = `
.c0 {
  margin-bottom: 1rem;
}

.c0 label {
  display: block;
  margin-bottom: 0.25rem;
}

<FieldTextarea
  className="c0"
  labelProps={Object {}}
  value=""
/>
`;
